Sequence Length: 2048
 - Forward pass
torch.Size([20480, 3, 12, 64])
Forward and backward executed successfully
torch.Size([20480, 3, 12, 64])
Forward and backward executed successfully
torch.Size([20480, 3, 12, 64])
Forward and backward executed successfully
torch.Size([20480, 3, 12, 64])
Forward and backward executed successfully
torch.Size([20480, 3, 12, 64])
Forward and backward executed successfully
torch.Size([20480, 3, 12, 64])
Forward and backward executed successfully
torch.Size([20480, 3, 12, 64])
Forward and backward executed successfully
torch.Size([20480, 3, 12, 64])
Forward and backward executed successfully
torch.Size([20480, 3, 12, 64])
Forward and backward executed successfully
torch.Size([20480, 3, 12, 64])
Forward and backward executed successfully
torch.Size([20480, 3, 12, 64])
Forward and backward executed successfully
torch.Size([20480, 3, 12, 64])
Forward and backward executed successfully
<torch.utils.benchmark.utils.common.Measurement object at 0x150395cc4d30>
fn(*inputs, **kwinputs)
  3.24 ms
  1 measurement, 10 runs , 64 threads
<torch.utils.benchmark.utils.common.Measurement object at 0x150395cc4d30>
fn(*inputs, **kwinputs)
  3.24 ms
  1 measurement, 10 runs , 64 threads

Sequence Length: 4096
 - Forward pass
torch.Size([40960, 3, 12, 64])
Forward and backward executed successfully
torch.Size([40960, 3, 12, 64])
Forward and backward executed successfully
torch.Size([40960, 3, 12, 64])
Forward and backward executed successfully
torch.Size([40960, 3, 12, 64])
Forward and backward executed successfully
torch.Size([40960, 3, 12, 64])
Forward and backward executed successfully
torch.Size([40960, 3, 12, 64])
Forward and backward executed successfully
torch.Size([40960, 3, 12, 64])
Forward and backward executed successfully
torch.Size([40960, 3, 12, 64])
Forward and backward executed successfully
torch.Size([40960, 3, 12, 64])
Forward and backward executed successfully
torch.Size([40960, 3, 12, 64])
Forward and backward executed successfully
torch.Size([40960, 3, 12, 64])
Forward and backward executed successfully
torch.Size([40960, 3, 12, 64])
Forward and backward executed successfully
<torch.utils.benchmark.utils.common.Measurement object at 0x150395c6ae30>
fn(*inputs, **kwinputs)
  4.02 ms
  1 measurement, 10 runs , 64 threads
<torch.utils.benchmark.utils.common.Measurement object at 0x150395c6ae30>
fn(*inputs, **kwinputs)
  4.02 ms
  1 measurement, 10 runs , 64 threads

Sequence Length: 8192
 - Forward pass
torch.Size([81920, 3, 12, 64])
Forward and backward executed successfully
torch.Size([81920, 3, 12, 64])
Forward and backward executed successfully
torch.Size([81920, 3, 12, 64])
Forward and backward executed successfully
torch.Size([81920, 3, 12, 64])
Forward and backward executed successfully
torch.Size([81920, 3, 12, 64])
Forward and backward executed successfully
torch.Size([81920, 3, 12, 64])
Forward and backward executed successfully
torch.Size([81920, 3, 12, 64])
Forward and backward executed successfully
torch.Size([81920, 3, 12, 64])
Forward and backward executed successfully
torch.Size([81920, 3, 12, 64])
Forward and backward executed successfully
torch.Size([81920, 3, 12, 64])
Forward and backward executed successfully
torch.Size([81920, 3, 12, 64])
Forward and backward executed successfully
torch.Size([81920, 3, 12, 64])
Forward and backward executed successfully
<torch.utils.benchmark.utils.common.Measurement object at 0x150395cc4d30>
fn(*inputs, **kwinputs)
  8.15 ms
  1 measurement, 10 runs , 64 threads
<torch.utils.benchmark.utils.common.Measurement object at 0x150395cc4d30>
fn(*inputs, **kwinputs)
  8.15 ms
  1 measurement, 10 runs , 64 threads

Sequence Length: 16384
 - Forward pass
torch.Size([163840, 3, 12, 64])
Forward and backward executed successfully
torch.Size([163840, 3, 12, 64])
Forward and backward executed successfully
torch.Size([163840, 3, 12, 64])
Forward and backward executed successfully
torch.Size([163840, 3, 12, 64])
Forward and backward executed successfully
torch.Size([163840, 3, 12, 64])
Forward and backward executed successfully
torch.Size([163840, 3, 12, 64])
Forward and backward executed successfully
torch.Size([163840, 3, 12, 64])
Forward and backward executed successfully
torch.Size([163840, 3, 12, 64])
Forward and backward executed successfully
torch.Size([163840, 3, 12, 64])
Forward and backward executed successfully
torch.Size([163840, 3, 12, 64])
Forward and backward executed successfully
torch.Size([163840, 3, 12, 64])
Forward and backward executed successfully
torch.Size([163840, 3, 12, 64])
Forward and backward executed successfully
<torch.utils.benchmark.utils.common.Measurement object at 0x150395cc5b10>
fn(*inputs, **kwinputs)
  18.58 ms
  1 measurement, 10 runs , 64 threads
<torch.utils.benchmark.utils.common.Measurement object at 0x150395cc5b10>
fn(*inputs, **kwinputs)
  18.58 ms
  1 measurement, 10 runs , 64 threads

Sequence Length: 32768
 - Forward pass
torch.Size([327680, 3, 12, 64])
Forward and backward executed successfully
torch.Size([327680, 3, 12, 64])
Forward and backward executed successfully
torch.Size([327680, 3, 12, 64])
Forward and backward executed successfully
torch.Size([327680, 3, 12, 64])
Forward and backward executed successfully
torch.Size([327680, 3, 12, 64])
Forward and backward executed successfully
torch.Size([327680, 3, 12, 64])
Forward and backward executed successfully
torch.Size([327680, 3, 12, 64])
Forward and backward executed successfully
torch.Size([327680, 3, 12, 64])
Forward and backward executed successfully
torch.Size([327680, 3, 12, 64])
Forward and backward executed successfully
torch.Size([327680, 3, 12, 64])
Forward and backward executed successfully
torch.Size([327680, 3, 12, 64])
Forward and backward executed successfully
torch.Size([327680, 3, 12, 64])
Forward and backward executed successfully
<torch.utils.benchmark.utils.common.Measurement object at 0x150395cc44c0>
fn(*inputs, **kwinputs)
  36.49 ms
  1 measurement, 10 runs , 64 threads
<torch.utils.benchmark.utils.common.Measurement object at 0x150395cc44c0>
fn(*inputs, **kwinputs)
  36.49 ms
  1 measurement, 10 runs , 64 threads

Sequence Length: 65536
 - Forward pass
torch.Size([655360, 3, 12, 64])
Forward and backward executed successfully
torch.Size([655360, 3, 12, 64])
Forward and backward executed successfully
torch.Size([655360, 3, 12, 64])
Forward and backward executed successfully
torch.Size([655360, 3, 12, 64])
Forward and backward executed successfully
torch.Size([655360, 3, 12, 64])
Forward and backward executed successfully
torch.Size([655360, 3, 12, 64])
Forward and backward executed successfully
torch.Size([655360, 3, 12, 64])
Forward and backward executed successfully
torch.Size([655360, 3, 12, 64])
Forward and backward executed successfully
torch.Size([655360, 3, 12, 64])
Forward and backward executed successfully
torch.Size([655360, 3, 12, 64])
Forward and backward executed successfully
torch.Size([655360, 3, 12, 64])
Forward and backward executed successfully
torch.Size([655360, 3, 12, 64])
Forward and backward executed successfully
<torch.utils.benchmark.utils.common.Measurement object at 0x150395cc4d30>
fn(*inputs, **kwinputs)
  72.65 ms
  1 measurement, 10 runs , 64 threads
<torch.utils.benchmark.utils.common.Measurement object at 0x150395cc4d30>
fn(*inputs, **kwinputs)
  72.65 ms
  1 measurement, 10 runs , 64 threads

Sequence Length: 131072
 - Forward pass
torch.Size([1310720, 3, 12, 64])
Forward and backward executed successfully
torch.Size([1310720, 3, 12, 64])
Forward and backward executed successfully
torch.Size([1310720, 3, 12, 64])
Forward and backward executed successfully
torch.Size([1310720, 3, 12, 64])
Forward and backward executed successfully
torch.Size([1310720, 3, 12, 64])
Forward and backward executed successfully
torch.Size([1310720, 3, 12, 64])
Forward and backward executed successfully
torch.Size([1310720, 3, 12, 64])
Forward and backward executed successfully
torch.Size([1310720, 3, 12, 64])
Forward and backward executed successfully
torch.Size([1310720, 3, 12, 64])
Forward and backward executed successfully
torch.Size([1310720, 3, 12, 64])
Forward and backward executed successfully
torch.Size([1310720, 3, 12, 64])
Forward and backward executed successfully
torch.Size([1310720, 3, 12, 64])
Forward and backward executed successfully
<torch.utils.benchmark.utils.common.Measurement object at 0x150395cc5330>
fn(*inputs, **kwinputs)
  145.14 ms
  1 measurement, 10 runs , 64 threads
<torch.utils.benchmark.utils.common.Measurement object at 0x150395cc5330>
fn(*inputs, **kwinputs)
  145.14 ms
  1 measurement, 10 runs , 64 threads