Sequence Length: 2048
 - Forward pass
torch.Size([20480, 3, 12, 64])
Forward and backward executed successfully
torch.Size([20480, 3, 12, 64])
Forward and backward executed successfully
torch.Size([20480, 3, 12, 64])
Forward and backward executed successfully
torch.Size([20480, 3, 12, 64])
Forward and backward executed successfully
torch.Size([20480, 3, 12, 64])
Forward and backward executed successfully
torch.Size([20480, 3, 12, 64])
Forward and backward executed successfully
torch.Size([20480, 3, 12, 64])
Forward and backward executed successfully
torch.Size([20480, 3, 12, 64])
Forward and backward executed successfully
torch.Size([20480, 3, 12, 64])
Forward and backward executed successfully
torch.Size([20480, 3, 12, 64])
Forward and backward executed successfully
torch.Size([20480, 3, 12, 64])
Forward and backward executed successfully
torch.Size([20480, 3, 12, 64])
Forward and backward executed successfully
<torch.utils.benchmark.utils.common.Measurement object at 0x1474975e1810>
fn(*inputs, **kwinputs)
  2.07 ms
  1 measurement, 10 runs , 64 threads
<torch.utils.benchmark.utils.common.Measurement object at 0x1474975e1810>
fn(*inputs, **kwinputs)
  2.07 ms
  1 measurement, 10 runs , 64 threads

Sequence Length: 4096
 - Forward pass
torch.Size([40960, 3, 12, 64])
Forward and backward executed successfully
torch.Size([40960, 3, 12, 64])
Forward and backward executed successfully
torch.Size([40960, 3, 12, 64])
Forward and backward executed successfully
torch.Size([40960, 3, 12, 64])
Forward and backward executed successfully
torch.Size([40960, 3, 12, 64])
Forward and backward executed successfully
torch.Size([40960, 3, 12, 64])
Forward and backward executed successfully
torch.Size([40960, 3, 12, 64])
Forward and backward executed successfully
torch.Size([40960, 3, 12, 64])
Forward and backward executed successfully
torch.Size([40960, 3, 12, 64])
Forward and backward executed successfully
torch.Size([40960, 3, 12, 64])
Forward and backward executed successfully
torch.Size([40960, 3, 12, 64])
Forward and backward executed successfully
torch.Size([40960, 3, 12, 64])
Forward and backward executed successfully
<torch.utils.benchmark.utils.common.Measurement object at 0x147497586dd0>
fn(*inputs, **kwinputs)
  3.66 ms
  1 measurement, 10 runs , 64 threads
<torch.utils.benchmark.utils.common.Measurement object at 0x147497586dd0>
fn(*inputs, **kwinputs)
  3.66 ms
  1 measurement, 10 runs , 64 threads

Sequence Length: 8192
 - Forward pass
torch.Size([81920, 3, 12, 64])
Forward and backward executed successfully
torch.Size([81920, 3, 12, 64])
Forward and backward executed successfully
torch.Size([81920, 3, 12, 64])
Forward and backward executed successfully
torch.Size([81920, 3, 12, 64])
Forward and backward executed successfully
torch.Size([81920, 3, 12, 64])
Forward and backward executed successfully
torch.Size([81920, 3, 12, 64])
Forward and backward executed successfully
torch.Size([81920, 3, 12, 64])
Forward and backward executed successfully
torch.Size([81920, 3, 12, 64])
Forward and backward executed successfully
torch.Size([81920, 3, 12, 64])
Forward and backward executed successfully
torch.Size([81920, 3, 12, 64])
Forward and backward executed successfully
torch.Size([81920, 3, 12, 64])
Forward and backward executed successfully
torch.Size([81920, 3, 12, 64])
Forward and backward executed successfully
<torch.utils.benchmark.utils.common.Measurement object at 0x1474975e1810>
fn(*inputs, **kwinputs)
  6.88 ms
  1 measurement, 10 runs , 64 threads
<torch.utils.benchmark.utils.common.Measurement object at 0x1474975e1810>
fn(*inputs, **kwinputs)
  6.88 ms
  1 measurement, 10 runs , 64 threads

Sequence Length: 16384
 - Forward pass
torch.Size([163840, 3, 12, 64])
Forward and backward executed successfully
torch.Size([163840, 3, 12, 64])
Forward and backward executed successfully
torch.Size([163840, 3, 12, 64])
Forward and backward executed successfully
torch.Size([163840, 3, 12, 64])
Forward and backward executed successfully
torch.Size([163840, 3, 12, 64])
Forward and backward executed successfully
torch.Size([163840, 3, 12, 64])
Forward and backward executed successfully
torch.Size([163840, 3, 12, 64])
Forward and backward executed successfully
torch.Size([163840, 3, 12, 64])
Forward and backward executed successfully
torch.Size([163840, 3, 12, 64])
Forward and backward executed successfully
torch.Size([163840, 3, 12, 64])
Forward and backward executed successfully
torch.Size([163840, 3, 12, 64])
Forward and backward executed successfully
torch.Size([163840, 3, 12, 64])
Forward and backward executed successfully
<torch.utils.benchmark.utils.common.Measurement object at 0x1474975e1c30>
fn(*inputs, **kwinputs)
  13.40 ms
  1 measurement, 10 runs , 64 threads
<torch.utils.benchmark.utils.common.Measurement object at 0x1474975e1c30>
fn(*inputs, **kwinputs)
  13.40 ms
  1 measurement, 10 runs , 64 threads

Sequence Length: 32768
 - Forward pass
torch.Size([327680, 3, 12, 64])
Forward and backward executed successfully
torch.Size([327680, 3, 12, 64])
Forward and backward executed successfully
torch.Size([327680, 3, 12, 64])
Forward and backward executed successfully
torch.Size([327680, 3, 12, 64])
Forward and backward executed successfully
torch.Size([327680, 3, 12, 64])
Forward and backward executed successfully
torch.Size([327680, 3, 12, 64])
Forward and backward executed successfully
torch.Size([327680, 3, 12, 64])
Forward and backward executed successfully
torch.Size([327680, 3, 12, 64])
Forward and backward executed successfully
torch.Size([327680, 3, 12, 64])
Forward and backward executed successfully
torch.Size([327680, 3, 12, 64])
Forward and backward executed successfully
torch.Size([327680, 3, 12, 64])
Forward and backward executed successfully
torch.Size([327680, 3, 12, 64])
Forward and backward executed successfully
<torch.utils.benchmark.utils.common.Measurement object at 0x1474975e2890>
fn(*inputs, **kwinputs)
  25.07 ms
  1 measurement, 10 runs , 64 threads
<torch.utils.benchmark.utils.common.Measurement object at 0x1474975e2890>
fn(*inputs, **kwinputs)
  25.07 ms
  1 measurement, 10 runs , 64 threads

Sequence Length: 65536
 - Forward pass
torch.Size([655360, 3, 12, 64])
Forward and backward executed successfully
torch.Size([655360, 3, 12, 64])
Forward and backward executed successfully
torch.Size([655360, 3, 12, 64])
Forward and backward executed successfully
torch.Size([655360, 3, 12, 64])
Forward and backward executed successfully
torch.Size([655360, 3, 12, 64])
Forward and backward executed successfully
torch.Size([655360, 3, 12, 64])
Forward and backward executed successfully
torch.Size([655360, 3, 12, 64])
Forward and backward executed successfully
torch.Size([655360, 3, 12, 64])
Forward and backward executed successfully
torch.Size([655360, 3, 12, 64])
Forward and backward executed successfully
torch.Size([655360, 3, 12, 64])
Forward and backward executed successfully
torch.Size([655360, 3, 12, 64])
Forward and backward executed successfully
torch.Size([655360, 3, 12, 64])
Forward and backward executed successfully
<torch.utils.benchmark.utils.common.Measurement object at 0x1474975e1810>
fn(*inputs, **kwinputs)
  49.59 ms
  1 measurement, 10 runs , 64 threads
<torch.utils.benchmark.utils.common.Measurement object at 0x1474975e1810>
fn(*inputs, **kwinputs)
  49.59 ms
  1 measurement, 10 runs , 64 threads

Sequence Length: 131072
 - Forward pass
torch.Size([1310720, 3, 12, 64])
Forward and backward executed successfully
torch.Size([1310720, 3, 12, 64])
Forward and backward executed successfully
torch.Size([1310720, 3, 12, 64])
Forward and backward executed successfully
torch.Size([1310720, 3, 12, 64])
Forward and backward executed successfully
torch.Size([1310720, 3, 12, 64])
Forward and backward executed successfully
torch.Size([1310720, 3, 12, 64])
Forward and backward executed successfully
torch.Size([1310720, 3, 12, 64])
Forward and backward executed successfully
torch.Size([1310720, 3, 12, 64])
Forward and backward executed successfully
torch.Size([1310720, 3, 12, 64])
Forward and backward executed successfully
torch.Size([1310720, 3, 12, 64])
Forward and backward executed successfully
torch.Size([1310720, 3, 12, 64])
Forward and backward executed successfully
torch.Size([1310720, 3, 12, 64])
Forward and backward executed successfully
<torch.utils.benchmark.utils.common.Measurement object at 0x1474975e1450>
fn(*inputs, **kwinputs)
  97.57 ms
  1 measurement, 10 runs , 64 threads
<torch.utils.benchmark.utils.common.Measurement object at 0x1474975e1450>
fn(*inputs, **kwinputs)
  97.57 ms
  1 measurement, 10 runs , 64 threads